// Jest Snapshot v1, https://goo.gl/fbAQLP

exports[`Suite should invoke hooks 1`] = `
Array [
  "beforeAll1",
  "beforeAll2",
  "beforeEach1",
  "beforeEach1",
  "beforeEach2",
  "beforeEach2",
  "afterEach1",
  "afterEach2",
  "afterAll1",
  "afterAll2",
]
`;
